Copyright 1986-2022 Xilinx, Inc. All Rights Reserved. Copyright 2022-2024 Advanced Micro Devices, Inc. All Rights Reserved.
-------------------------------------------------------------------------------------------------------------------------------------------------
| Tool Version     : Vivado v.2024.2 (lin64) Build 5239630 Fri Nov 08 22:34:34 MST 2024
| Date             : Mon May  5 16:45:00 2025
| Host             : younas-Latitude-7280 running 64-bit Ubuntu 20.04.6 LTS
| Command          : report_power -file route_report_power_0.rpt -pb route_report_power_summary_0.pb -rpx route_report_power_0.rpx
| Design           : design_1_wrapper
| Device           : xcvh1582-vsva3697-2MP-e-S
| Design State     : routed
| Grade            : extended
| Process          : typical
| Characterization : Production
-------------------------------------------------------------------------------------------------------------------------------------------------

Power Report

Table of Contents
-----------------
1. Summary
1.1 On-Chip Components
1.2 Power Supply Summary
1.3 Confidence Level
2. Settings
2.1 Environment
2.2 Clock Constraints
3. Detailed Reports
3.1 By Hierarchy

1. Summary
----------

+--------------------------+--------------+
| Total On-Chip Power (W)  | 26.792       |
|   FPGA Power (W)         | 23.617       |
|   HBM Power (W)          | 3.175        |
| Design Power Budget (W)  | Unspecified* |
| Power Budget Margin (W)  | NA           |
| Dynamic (W)              | 9.375        |
| Device Static (W)        | 17.418**     |
| Effective TJA (C/W)      | 2.8          |
| Max Ambient (C)          | 25.0         |
| Junction Temperature (C) | 100.0**      |
| Confidence Level         | Medium       |
| Setting File             | ---          |
| Simulation Activity File | ---          |
| Design Nets Matched      | NA           |
+--------------------------+--------------+
* Specify Design Power Budget using, set_operating_conditions -design_power_budget <value in Watts>
** No environmental constraints detected, worst case junction temperature (Tj) will be used, this will not impact the dynamic power estimate but will impact the static power shown.
To more accurately reflect the environmental and thermal operating condition of the application the following constraints should be applied, to reflect the applications specifications:
   set_operating_conditions -ambient_temp 25
   set_operating_conditions -thetaja 1.0

Where Ambient Temperature is defined as degrees Celsius and Theta Ja is the effectiveness of the thermal solution described as C/W to represent the rise in junction temperature for every watt dissipated
To set the junction temperature to a specific value the following constraint should be used:
   set_operating_conditions -junction_temp 25

For the Versal architecture, a default junction temperature of 100C is assumed when no environmental conditions are set (Ta/Tj/TJA).


1.1 On-Chip Components
----------------------

+--------------------------+-----------+----------+-----------+-----------------+
| On-Chip                  | Power (W) | Used     | Available | Utilization (%) |
+--------------------------+-----------+----------+-----------+-----------------+
| Clocks                   |     0.310 |        9 |       --- |             --- |
| Logic                    |     0.066 |   102891 |       --- |             --- |
|   LUT as Logic           |     0.046 |    26133 |   1753984 |            1.49 |
|   CLE FF Register        |     0.013 |    53073 |   3507968 |            1.51 |
|   LUT as Distributed RAM |     0.005 |     1600 |    876992 |            0.18 |
|   LUT as Shift Register  |     0.001 |      735 |    876992 |            0.08 |
|   LOOKAHEAD8             |     0.001 |     1315 |    219248 |            0.60 |
|   Others                 |     0.000 |     1619 |       --- |             --- |
| Signals                  |     0.066 |    73796 |       --- |             --- |
| Block RAM                |     0.078 |     48.5 |      2541 |            1.91 |
| HBM                      |     4.237 |        0 |       --- |             --- |
| MMCM                     |     0.061 |        0 |       --- |             --- |
| DSPs                     |     0.008 |        4 |       --- |             --- |
| NoC-DDRMC                |     2.215 |        1 |       --- |             --- |
|   NoC                    |     2.215 |        1 |       --- |             --- |
| PS9                      |     2.332 |        2 |       --- |             --- |
| Static Power             |    17.418 |          |           |                 |
|   PS Static              |     0.250 |          |           |                 |
|   PL Static              |    15.893 |          |           |                 |
|   HBM Static             |     1.109 |          |           |                 |
|   Device Static          |    16.309 |          |           |                 |
| Total                    |    26.792 |          |           |                 |
+--------------------------+-----------+----------+-----------+-----------------+


1.2 Power Supply Summary
------------------------

+---------------+-------------+-----------+-------------+------------+-------------+-------------+------------+
| Source        | Voltage (V) | Total (A) | Dynamic (A) | Static (A) | Powerup (A) | Budget (A)  | Margin (A) |
+---------------+-------------+-----------+-------------+------------+-------------+-------------+------------+
| Vccint        |       0.800 |    13.460 |       0.636 |     12.824 |       NA    | Unspecified | NA         |
| VCC_SOC       |       0.800 |     5.340 |       2.770 |      2.570 |       NA    | Unspecified | NA         |
| VCC_IO        |       0.800 |     0.315 |       0.000 |      0.315 |       NA    | Unspecified | NA         |
| VCC_RAM       |       0.800 |     1.589 |       0.066 |      1.523 |       NA    | Unspecified | NA         |
| Vccaux        |       1.500 |     2.196 |       0.028 |      2.168 |       NA    | Unspecified | NA         |
| VCCO_503      |       1.800 |     0.000 |       0.000 |      0.000 |       NA    | Unspecified | NA         |
| VCCO_500      |       1.800 |     0.000 |       0.000 |      0.000 |       NA    | Unspecified | NA         |
| VCCO_501      |       1.800 |     0.000 |       0.000 |      0.000 |       NA    | Unspecified | NA         |
| VCCO_502      |       1.800 |     0.000 |       0.000 |      0.000 |       NA    | Unspecified | NA         |
| VCC_FUSE      |       1.800 |     0.000 |       0.000 |      0.000 |       NA    | Unspecified | NA         |
| VCC_BATT      |       1.500 |     0.000 |       0.000 |      0.000 |       NA    | Unspecified | NA         |
| Vcco33        |       3.300 |     0.000 |       0.000 |      0.000 |       NA    | Unspecified | NA         |
| Vcco25        |       2.500 |     0.000 |       0.000 |      0.000 |       NA    | Unspecified | NA         |
| Vcco18        |       1.800 |     0.000 |       0.000 |      0.000 |       NA    | Unspecified | NA         |
| Vcco15        |       1.500 |     0.000 |       0.000 |      0.000 |       NA    | Unspecified | NA         |
| Vcco135       |       1.350 |     0.000 |       0.000 |      0.000 |       NA    | Unspecified | NA         |
| Vcco12        |       1.200 |     0.000 |       0.000 |      0.000 |       NA    | Unspecified | NA         |
| Vcco11        |       1.100 |     0.000 |       0.000 |      0.000 |       NA    | Unspecified | NA         |
| Vcco10        |       1.000 |     0.000 |       0.000 |      0.000 |       NA    | Unspecified | NA         |
| VCC_PMC       |       0.800 |     0.605 |       0.521 |      0.084 |       NA    | Unspecified | NA         |
| VCCAUX_PMC    |       1.500 |     0.140 |       0.135 |      0.004 |       NA    | Unspecified | NA         |
| VCCAUX_SMON   |       1.500 |     0.001 |       0.000 |      0.001 |       NA    | Unspecified | NA         |
| VCC_PSLP      |       0.800 |     0.515 |       0.409 |      0.106 |       NA    | Unspecified | NA         |
| VCC_PSFP      |       0.800 |     1.878 |       1.731 |      0.147 |       NA    | Unspecified | NA         |
| VCC_CPM5      |       0.800 |     0.433 |       0.000 |      0.433 |       NA    | Unspecified | NA         |
| VCCO_HBM      |       1.200 |     1.294 |       1.007 |      0.287 |       NA    | Unspecified | NA         |
| VCCINT_IO_HBM |       0.800 |     2.202 |       1.817 |      0.385 |       NA    | Unspecified | NA         |
| VCC_HBM       |       1.200 |     1.812 |       1.260 |      0.552 |       NA    | Unspecified | NA         |
| VCCAUX_HBM    |       2.500 |     0.061 |       0.020 |      0.041 |       NA    | Unspecified | NA         |
| Vccint_gt     |       0.800 |     0.342 |       0.000 |      0.342 |       NA    | Unspecified | NA         |
| VGTM_AVCC     |       0.920 |     0.000 |       0.000 |      0.000 |       NA    | Unspecified | NA         |
| VGTM_AVTT     |       1.200 |     0.000 |       0.000 |      0.000 |       NA    | Unspecified | NA         |
| VGTM_AVCCAUX  |       1.500 |     0.000 |       0.000 |      0.000 |       NA    | Unspecified | NA         |
| VGTYP_AVCC    |       0.920 |     0.000 |       0.000 |      0.000 |       NA    | Unspecified | NA         |
| VGTYP_AVTT    |       1.200 |     0.000 |       0.000 |      0.000 |       NA    | Unspecified | NA         |
| VGTYP_AVCCAUX |       1.500 |     0.000 |       0.000 |      0.000 |       NA    | Unspecified | NA         |
+---------------+-------------+-----------+-------------+------------+-------------+-------------+------------+


1.3 Confidence Level
--------------------

+-----------------------------+------------+------------------------------------------------+------------------------------------------------------------------------------------------------------------+
| User Input Data             | Confidence | Details                                        | Action                                                                                                     |
+-----------------------------+------------+------------------------------------------------+------------------------------------------------------------------------------------------------------------+
| Design implementation state | High       | Design is routed                               |                                                                                                            |
| Clock nodes activity        | High       | User specified more than 95% of clocks         |                                                                                                            |
| I/O nodes activity          | High       | User specified more than 95% of inputs         |                                                                                                            |
| Internal nodes activity     | Medium     | User specified less than 25% of internal nodes | Provide missing internal nodes activity with simulation results or by editing the "By Resource Type" views |
| Device models               | High       | Device models are Production                   |                                                                                                            |
|                             |            |                                                |                                                                                                            |
| Overall confidence level    | Medium     |                                                |                                                                                                            |
+-----------------------------+------------+------------------------------------------------+------------------------------------------------------------------------------------------------------------+


2. Settings
-----------

2.1 Environment
---------------

+------------------+------+
| Ambient Temp (C) | 25.0 |
| ThetaJA (C/W)    | 2.8  |
+------------------+------+


2.2 Clock Constraints
---------------------

+-------------------+---------------------------------------------------------------------+-----------------+
| Clock             | Domain                                                              | Constraint (ns) |
+-------------------+---------------------------------------------------------------------+-----------------+
| clk_pl_0          | design_1_i/versal_cips_0/inst/pspmc_0/inst/pl0_ref_clk              |            10.0 |
| clk_pl_0          | design_1_i/versal_cips_0/inst/pspmc_0/inst/pmc_pl_ref_clk[0]        |            10.0 |
| clkout1_primitive | design_1_i/clk_wizard_0/inst/clock_primitive_inst/clkout1_primitive |             3.3 |
| i_pclk_tg         | design_1_i/noc_tg/inst/i_pclk_tg                                    |            13.3 |
| i_pclk_tg_1       | design_1_i/noc_tg_1/inst/i_pclk_tg                                  |            13.3 |
| i_pclk_tg_2       | design_1_i/noc_tg_2/inst/i_pclk_tg                                  |            13.3 |
| i_pclk_tg_3       | design_1_i/noc_tg_3/inst/i_pclk_tg                                  |            13.3 |
+-------------------+---------------------------------------------------------------------+-----------------+


3. Detailed Reports
-------------------

3.1 By Hierarchy
----------------

+-------------------+-----------+
| Name              | Power (W) |
+-------------------+-----------+
| design_1_wrapper  |     9.375 |
|   axi_dbg_hub     |     0.005 |
|     inst          |     0.005 |
|       sv_top_inst |     0.005 |
|   axi_noc         |     2.215 |
|     inst          |     2.215 |
|   design_1_i      |     7.154 |
|     axi_noc_0     |     4.241 |
|       inst        |     4.241 |
|     axis_ila_0    |     0.088 |
|       inst        |     0.088 |
|     clk_wizard_0  |     0.061 |
|       inst        |     0.061 |
|     noc_tg        |     0.108 |
|       inst        |     0.108 |
|     noc_tg_1      |     0.104 |
|       inst        |     0.104 |
|     noc_tg_2      |     0.102 |
|       inst        |     0.102 |
|     noc_tg_3      |     0.117 |
|       inst        |     0.117 |
|     versal_cips_0 |     2.332 |
|       inst        |     2.332 |
+-------------------+-----------+


